login to your github account
create new repo, public
git@github.com:hhouissa/docker-react.git

https://github.com/hhouissa/docker-react.git

or create repo from cmd:
echo "# docker-react" >> README.md
git init
git add README.md
git commit -m "first commit"
git remote add origin https://github.com/hhouissa/docker-react.git
git push -u origin master

or push an existing repo from cmd:
git remote add origin https://github.com/hhouissa/docker-react.git
git push -u origin master

-----------------now git bash in fronetend dir:

ythemHouissa@HaythemPC MINGW64 /e/Projects/reactproj/frontend (master)
$ git init
Initialized empty Git repository in E:/Projects/reactproj/frontend/.git/

HaythemHouissa@HaythemPC MINGW64 /e/Projects/reactproj/frontend (master)
$ git add .

$ git config --global user.name hhouissa
$ git config --global user.email hhouissa1@gmail.com
$ git commit -m "initial commit"
[master (root-commit) 9aa1a88] initial commit
 17 files changed, 15272 insertions(+)
 create mode 100644 .gitignore
.....
-------------------connect local git toi github remote------
git remote add origin https://github.com/hhouissa/docker-react.git

-------------------Push work to github -------------
$ git push origin master

---------------Deployment----------
after configuring deploy section in .travis.yml and setting up 
aws IAM 2 keys and adding them to travis env vars got to git bash
HaythemHouissa@HaythemPC MINGW64 /e/Projects/reactproj/frontend (master)
$ git status
On branch master
Changes not staged for commit:
  (use "git add <file>..." to update what will be committed)
  (use "git checkout -- <file>..." to discard changes in working directory)

        modified:   .travis.yml

no changes added to commit (use "git add" and/or "git commit -a")

HaythemHouissa@HaythemPC MINGW64 /e/Projects/reactproj/frontend (master)
$ git add .

HaythemHouissa@HaythemPC MINGW64 /e/Projects/reactproj/frontend (master)
$ git commit -m "added travis deploy section in config"
[master be14c9b] added travis deploy section in config
 1 file changed, 12 insertions(+), 1 deletion(-)

HaythemHouissa@HaythemPC MINGW64 /e/Projects/reactproj/frontend (master)
$ git push origin master
Counting objects: 3, done.
Delta compression using up to 4 threads.
Compressing objects: 100% (3/3), done.
Writing objects: 100% (3/3), 587 bytes | 587.00 KiB/s, done.
Total 3 (delta 2), reused 0 (delta 0)
remote: Resolving deltas: 100% (2/2), completed with 2 local objects.
To https://github.com/hhouissa/docker-react.git
   a45f635..be14c9b  master -> master
